[2026-01-04T17:27:22.261Z] GET / - IP: ::1
[2026-01-04T17:27:22.287Z] GET / - IP: ::1
[2026-01-04T17:34:57.880Z] GET / - IP: ::1
[2026-01-04T17:34:58.908Z] GET / - IP: ::1
[2026-01-04T17:34:59.912Z] GET / - IP: ::1
[2026-01-04T17:35:00.383Z] GET /api-docs - IP: ::1
[2026-01-04T17:35:11.788Z] GET / - IP: ::1
[2026-01-04T17:39:49.802Z] GET / - IP: ::1
[2026-01-04T17:40:09.876Z] GET /api-docs - IP: ::1
[2026-01-04T17:40:14.128Z] GET /api-docs - IP: ::1
[2026-01-04T17:41:37.447Z] GET /health - IP: ::1
[2026-01-04T17:42:23.460Z] GET / - IP: ::1
[2026-01-04T17:42:56.229Z] GET /api-docs - IP: ::1
[2026-01-04T17:42:56.963Z] GET /api-docs - IP: ::1
[2026-01-04T17:43:12.254Z] GET /docs - IP: ::1
[2026-01-04T17:43:17.470Z] GET / - IP: ::1
[2026-01-04T17:43:18.847Z] GET /api-docs - IP: ::1
[2026-01-04T17:43:19.653Z] GET /api-docs - IP: ::1
[2026-01-04T17:43:25.143Z] GET /api - IP: ::1
[2026-01-04T17:45:10.422Z] GET / - IP: ::1
